-bash: /usr/bin/godot: No such file or directory
